<?xml version="1.0" encoding="UTF-8"?>
<testsuites name="jest tests" tests="3" failures="0" errors="0" time="1.103">
  <testsuite name="GET request - weather endpoint" errors="0" failures="0" skipped="0" timestamp="2020-11-18T00:18:23" time="0.952" tests="3">
    <testcase classname="GET request - weather endpoint should return 200 status on GET with city=London" name="GET request - weather endpoint should return 200 status on GET with city=London" time="0.097">
    </testcase>
    <testcase classname="GET request - weather endpoint should have city name=London in response" name="GET request - weather endpoint should have city name=London in response" time="0.001">
    </testcase>
    <testcase classname="GET request - weather endpoint should return 401 status on GET with incorrect key" name="GET request - weather endpoint should return 401 status on GET with incorrect key" time="0.162">
    </testcase>
  </testsuite>
</testsuites>